Computing rank from data with rank=None
    Using tolerance 0.16 (2.2e-16 eps * 8 dim * 9.1e+13  max singular value)
    Estimated rank (data): 7
    data: rank 7 computed from 8 data channels with 0 projectors
    Setting small data eigenvalues to zero (without PCA)
Reducing data rank from 8 -> 7
Estimating class=0 covariance using LEDOIT_WOLF
Done.
Estimating class=1 covariance using LEDOIT_WOLF
Done.
Computing rank from data with rank=None
    Using tolerance 0.15 (2.2e-16 eps * 8 dim * 8.5e+13  max singular value)
    Estimated rank (data): 7
    data: rank 7 computed from 8 data channels with 0 projectors
    Setting small data eigenvalues to zero (without PCA)
Reducing data rank from 8 -> 7
Estimating class=0 covariance using LEDOIT_WOLF
Done.
Estimating class=1 covariance using LEDOIT_WOLF
Done.
Computing rank from data with rank=None
    Using tolerance 0.15 (2.2e-16 eps * 8 dim * 8.6e+13  max singular value)
    Estimated rank (data): 7
    data: rank 7 computed from 8 data channels with 0 projectors
    Setting small data eigenvalues to zero (without PCA)
Reducing data rank from 8 -> 7
Estimating class=0 covariance using LEDOIT_WOLF
Done.
Estimating class=1 covariance using LEDOIT_WOLF
Done.
{"status": "software_validation_passed", "synthetic": true, "subject_session_evaluations": 6, "report": "results/netbci_cohort_resume_20261010/software_checks/preflight_smoke.json", "scientific_result_claimed": false}
